// Jest Snapshot v1, https://goo.gl/fbAQLP

exports[`Validation-Nbe should match with snapshot 1`] = `undefined`;
