// Jest Snapshot v1, https://goo.gl/fbAQLP

exports[`Pruebas en <ButtonBassic /> should show <ButtonBassic /> correctly 1`] = `
<div>
  <div
    id="components-button-demo-basic"
  >
    <div>
      <Button
        block={false}
        ghost={false}
        htmlType="button"
        loading={false}
        type="primary"
      >
        Primary
      </Button>
      <Button
        block={false}
        ghost={false}
        htmlType="button"
        loading={false}
      >
        Default
      </Button>
      <Button
        block={false}
        ghost={false}
        htmlType="button"
        loading={false}
        type="dashed"
      >
        Dashed
      </Button>
      <Button
        block={false}
        ghost={false}
        htmlType="button"
        loading={false}
        type="link"
      >
        Link
      </Button>
    </div>
  </div>
</div>
`;
